src/app/admin/page.tsx(5,80): error TS2307: Cannot find module '@heroicons/react/24/outline' or its corresponding type declarations.
src/app/api/track/route.ts(28,28): error TS2351: This expression is not constructable.
  Type 'typeof UAParser' has no construct signatures.
src/app/result/[id]/page.tsx(13,8): error TS2307: Cannot find module '@heroicons/react/24/outline' or its corresponding type declarations.
src/lib/supabase-admin.ts(1,30): error TS2307: Cannot find module '@supabase/supabase-js' or its corresponding type declarations.
src/lib/supabase.ts(1,30): error TS2307: Cannot find module '@supabase/supabase-js' or its corresponding type declarations.
